<html>
<body>
<pre>
<h1>�Vision Build Log</h1>
<h2>Tool Versions:</h2>
IDE-Version: ��Vision V5.36.0.0
Copyright (C) 2021 ARM Ltd and ARM Germany GmbH. All rights reserved.
License Information: fly Choo, Microsoft, LIC=14HV2-99WK4-12ELE-514FE-PV1YM-3P19X
 
Tool Versions:
Toolchain:       MDK-ARM Plus  Version: 5.36.0.0
Toolchain Path:  D:\keil_v5\ARM\ARMCLANG\Bin
C Compiler:      ArmClang.exe V6.16
Assembler:       Armasm.exe V6.16
Linker/Locator:  ArmLink.exe V6.16
Library Manager: ArmAr.exe V6.16
Hex Converter:   FromElf.exe V6.16
CPU DLL:         
Dialog DLL:      
Target DLL:      CMSIS_AGDI_V8M.DLL V1.7.0.0
Dialog DLL:      TCM.DLL V1.53.0.0
 
<h2>Project:</h2>
D:\code\GD32\gd32Project\gd32Foc\gd32Foc.uvprojx
Project File Date:  02/01/2026

<h2>Output:</h2>
*** Using Compiler 'V6.16', folder: 'D:\keil_v5\ARM\ARMCLANG\Bin'
Build target 'Target 1'
USER/main.c(4): warning: In file included from...
./USER/focAlgorithm.h(35): warning: padding struct 'FocStatus' with 3 bytes to align 'targetSpeed' [-Wpadded]
        float targetSpeed; //目标转速
              ^
./USER/focAlgorithm.h(66): warning: padding struct 'FocStatus' with 2 bytes to align 'pid_speed' [-Wpadded]
        PidStatus pid_speed;
                  ^
USER/main.c(67): warning: unused parameter 'f' [-Wunused-parameter]
int fputc(int ch, FILE *f)
                        ^
USER/main.c(10): warning: no previous extern declaration for non-static variable 'myfoc' [-Wmissing-variable-declarations]
volatile FocStatus myfoc;
                   ^
USER/main.c(10): note: declare 'static' if the variable is not intended to be used outside of this translation unit
volatile FocStatus myfoc;
         ^
4 warnings generated.
compiling main.c...
../../GD32E50x_Firmware_Library_V1.6.1/Template/gd32e50x_it.c(51): warning: function 'NMI_Handler' could be declared with attribute 'noreturn' [-Wmissing-noreturn]
{
^
../../GD32E50x_Firmware_Library_V1.6.1/Template/gd32e50x_it.c(63): warning: function 'HardFault_Handler' could be declared with attribute 'noreturn' [-Wmissing-noreturn]
{
^
../../GD32E50x_Firmware_Library_V1.6.1/Template/gd32e50x_it.c(76): warning: function 'SVC_Handler' could be declared with attribute 'noreturn' [-Wmissing-noreturn]
{
^
../../GD32E50x_Firmware_Library_V1.6.1/Template/gd32e50x_it.c(88): warning: function 'PendSV_Handler' could be declared with attribute 'noreturn' [-Wmissing-noreturn]
{
^
../../GD32E50x_Firmware_Library_V1.6.1/Template/gd32e50x_it.c(38): warning: In file included from...
./USER\foc_ADC.h(12): warning: In file included from...
./USER\focAlgorithm.h(35): warning: padding struct 'FocStatus' with 3 bytes to align 'targetSpeed' [-Wpadded]
        float targetSpeed; //目标转速
              ^
./USER\focAlgorithm.h(66): warning: padding struct 'FocStatus' with 2 bytes to align 'pid_speed' [-Wpadded]
        PidStatus pid_speed;
                  ^
../../GD32E50x_Firmware_Library_V1.6.1/Template/gd32e50x_it.c(41): warning: In file included from...
./USER\foc_usart.h(26): warning: padding struct 'RX_Frame' with 2 bytes to align 'payload' [-Wpadded]
        } payload;
          ^
./USER\foc_usart.h(17): warning: padding size of 'RX_Frame' with 3 bytes to alignment boundary [-Wpadded]
typedef struct{
        ^
../../GD32E50x_Firmware_Library_V1.6.1/Template/gd32e50x_it.c(180): warning: cast from 'uint8_t *' (aka 'unsigned char *') to 'RX_Frame *' increases required alignment from 1 to 4 [-Wcast-align]
                        RX_Frame *ptr=(RX_Frame *)u1_rx_buffer;         //buffer中的原始数据转变为帧协议格式
                                      ^~~~~~~~~~~~~~~~~~~~~~~~
9 warnings generated.
compiling gd32e50x_it.c...
USER/foc_usart.c(1): warning: In file included from...
./USER/foc_usart.h(10): warning: In file included from...
../Firmware/CMSIS/GD/GD32E50x/Include\gd32e50x.h(460): warning: In file included from...
./BSP\gd32e50x_libopt.h(47): warning: In file included from...
../Firmware/GD32E50x_standard_peripheral/Include\gd32e50x_dma.h(133): warning: padding size of 'dma_parameter_struct' with 1 byte to alignment boundary [-Wpadded]
typedef struct
        ^
USER/foc_usart.c(1): warning: In file included from...
./USER/foc_usart.h(12): warning: In file included from...
./USER/focAlgorithm.h(35): warning: padding struct 'FocStatus' with 3 bytes to align 'targetSpeed' [-Wpadded]
        float targetSpeed; //目标转速
              ^
./USER/focAlgorithm.h(66): warning: padding struct 'FocStatus' with 2 bytes to align 'pid_speed' [-Wpadded]
        PidStatus pid_speed;
                  ^
3 warnings generated.
compiling foc_usart.c...
linking...
Program Size: Code=9064 RO-data=480 RW-data=8 ZI-data=1200  
".\Objects\gd32Foc.axf" - 0 Error(s), 16 Warning(s).

<h2>Software Packages used:</h2>

Package Vendor: ARM
                http://www.keil.com/pack/ARM.CMSIS.5.8.0.pack
                ARM.CMSIS.5.8.0
                CMSIS (Common Microcontroller Software Interface Standard)
   * Component: CORE Version: 5.5.0

Package Vendor: GigaDevice
                https://gd32mcu.com/data/documents/pack/GigaDevice.GD32E50x_DFP.1.3.2.pack
                GigaDevice.GD32E50x_DFP.1.3.2
                GigaDevice GD32E50x Series Device Support and Examples

<h2>Collection of Component include folders:</h2>
  .\RTE\_Target_1
  D:\keil_v5\Packs\ARM\CMSIS\5.8.0\CMSIS\Core\Include
  D:\keil_v5\Packs\GigaDevice\GD32E50x_DFP\1.3.2\Device\Include

<h2>Collection of Component Files used:</h2>

   * Component: ARM::CMSIS:CORE:5.5.0
Build Time Elapsed:  00:00:02
</pre>
</body>
</html>
