<html>
<body>
<pre>
<h1>�Vision Build Log</h1>
<h2>Tool Versions:</h2>
IDE-Version: ��Vision V5.36.0.0
Copyright (C) 2021 ARM Ltd and ARM Germany GmbH. All rights reserved.
License Information: fly Choo, Microsoft, LIC=14HV2-99WK4-12ELE-514FE-PV1YM-3P19X
 
Tool Versions:
Toolchain:       MDK-ARM Plus  Version: 5.36.0.0
Toolchain Path:  D:\keil_v5\ARM\ARMCLANG\Bin
C Compiler:      ArmClang.exe V6.16
Assembler:       Armasm.exe V6.16
Linker/Locator:  ArmLink.exe V6.16
Library Manager: ArmAr.exe V6.16
Hex Converter:   FromElf.exe V6.16
CPU DLL:         
Dialog DLL:      
Target DLL:      CMSIS_AGDI_V8M.DLL V1.7.0.0
Dialog DLL:      TCM.DLL V1.53.0.0
 
<h2>Project:</h2>
D:\code\GD32\gd32Project\gd32Foc\gd32Foc.uvprojx
Project File Date:  02/01/2026

<h2>Output:</h2>
*** Using Compiler 'V6.16', folder: 'D:\keil_v5\ARM\ARMCLANG\Bin'
Rebuild target 'Target 1'
USER/main.c(4): warning: In file included from...
./USER/focAlgorithm.h(35): warning: padding struct 'FocStatus' with 3 bytes to align 'targetSpeed' [-Wpadded]
        float targetSpeed; //目标转速
              ^
./USER/focAlgorithm.h(66): warning: padding struct 'FocStatus' with 2 bytes to align 'pid_speed' [-Wpadded]
        PidStatus pid_speed;
                  ^
USER/main.c(89): warning: unused parameter 'f' [-Wunused-parameter]
int fputc(int ch, FILE *f)
                        ^
USER/main.c(10): warning: no previous extern declaration for non-static variable 'myfoc' [-Wmissing-variable-declarations]
volatile FocStatus myfoc;
                   ^
USER/main.c(10): note: declare 'static' if the variable is not intended to be used outside of this translation unit
volatile FocStatus myfoc;
         ^
4 warnings generated.
compiling main.c...
compiling systick.c...
USER/foc_tim_pwm.c(1): warning: In file included from...
./USER/foc_tim_pwm.h(10): warning: In file included from...
../Firmware/CMSIS/GD/GD32E50x/Include\gd32e50x.h(460): warning: In file included from...
./BSP\gd32e50x_libopt.h(60): warning: In file included from...
../Firmware/GD32E50x_standard_peripheral/Include\gd32e50x_timer.h(265): warning: padding struct 'timer_parameter_struct' with 2 bytes to align 'period' [-Wpadded]
    uint32_t period;                                         /*!< period value */
             ^
../Firmware/GD32E50x_standard_peripheral/Include\gd32e50x_timer.h(260): warning: padding size of 'timer_parameter_struct' with 1 byte to alignment boundary [-Wpadded]
typedef struct
        ^
2 warnings generated.
compiling foc_tim_pwm.c...
USER/foc_ADC.c(1): warning: In file included from...
./USER/foc_ADC.h(12): warning: In file included from...
./USER/focAlgorithm.h(35): warning: padding struct 'FocStatus' with 3 bytes to align 'targetSpeed' [-Wpadded]
        float targetSpeed; //目标转速
              ^
./USER/focAlgorithm.h(66): warning: padding struct 'FocStatus' with 2 bytes to align 'pid_speed' [-Wpadded]
        PidStatus pid_speed;
                  ^
2 warnings generated.
compiling foc_ADC.c...
USER/encoder_spi.c(47): warning: implicit conversion loses integer precision: 'uint16_t' (aka 'unsigned short') to 'uint8_t' (aka 'unsigned char') [-Wimplicit-int-conversion]
        return spi_i2s_data_receive(SPI0);
        ~~~~~~ ^~~~~~~~~~~~~~~~~~~~~~~~~~
1 warning generated.
compiling encoder_spi.c...
USER/focAlgorithm.c(1): warning: In file included from...
./USER/focAlgorithm.h(35): warning: padding struct 'FocStatus' with 3 bytes to align 'targetSpeed' [-Wpadded]
        float targetSpeed; //目标转速
              ^
./USER/focAlgorithm.h(66): warning: padding struct 'FocStatus' with 2 bytes to align 'pid_speed' [-Wpadded]
        PidStatus pid_speed;
                  ^
USER/focAlgorithm.c(32): warning: unused function 'clark_Park' [-Wunused-function]
static void clark_Park(volatile FocStatus *foc){
            ^
3 warnings generated.
compiling focAlgorithm.c...
USER/foc_usart.c(7): warning: In file included from...
./USER/foc_usart.h(10): warning: In file included from...
../Firmware/CMSIS/GD/GD32E50x/Include\gd32e50x.h(460): warning: In file included from...
./BSP\gd32e50x_libopt.h(47): warning: In file included from...
../Firmware/GD32E50x_standard_peripheral/Include\gd32e50x_dma.h(133): warning: padding size of 'dma_parameter_struct' with 1 byte to alignment boundary [-Wpadded]
typedef struct
        ^
USER/foc_usart.c(7): warning: In file included from...
./USER/foc_usart.h(12): warning: In file included from...
./USER/focAlgorithm.h(35): warning: padding struct 'FocStatus' with 3 bytes to align 'targetSpeed' [-Wpadded]
        float targetSpeed; //目标转速
              ^
./USER/focAlgorithm.h(66): warning: padding struct 'FocStatus' with 2 bytes to align 'pid_speed' [-Wpadded]
        PidStatus pid_speed;
                  ^
3 warnings generated.
compiling foc_usart.c...
compiling system_gd32e50x.c...
../../GD32E50x_Firmware_Library_V1.6.1/Template/gd32e50x_it.c(53): warning: function 'NMI_Handler' could be declared with attribute 'noreturn' [-Wmissing-noreturn]
{
^
../../GD32E50x_Firmware_Library_V1.6.1/Template/gd32e50x_it.c(65): warning: function 'HardFault_Handler' could be declared with attribute 'noreturn' [-Wmissing-noreturn]
{
^
../../GD32E50x_Firmware_Library_V1.6.1/Template/gd32e50x_it.c(78): warning: function 'SVC_Handler' could be declared with attribute 'noreturn' [-Wmissing-noreturn]
{
^
../../GD32E50x_Firmware_Library_V1.6.1/Template/gd32e50x_it.c(90): warning: function 'PendSV_Handler' could be declared with attribute 'noreturn' [-Wmissing-noreturn]
{
^
../../GD32E50x_Firmware_Library_V1.6.1/Template/gd32e50x_it.c(39): warning: In file included from...
./USER\foc_ADC.h(12): warning: In file included from...
./USER\focAlgorithm.h(35): warning: padding struct 'FocStatus' with 3 bytes to align 'targetSpeed' [-Wpadded]
        float targetSpeed; //目标转速
              ^
./USER\focAlgorithm.h(66): warning: padding struct 'FocStatus' with 2 bytes to align 'pid_speed' [-Wpadded]
        PidStatus pid_speed;
                  ^
6 warnings generated.
compiling gd32e50x_it.c...
assembling startup_gd32e50x_hd.s...
../Firmware/GD32E50x_standard_peripheral/Source/gd32e50x_misc.c(115): warning: function 'nvic_system_reset' could be declared with attribute 'noreturn' [-Wmissing-noreturn]
{
^
1 warning generated.
compiling gd32e50x_misc.c...
compiling gd32e50x_gpio.c...
../Firmware/GD32E50x_standard_peripheral/Source/gd32e50x_rcu.c(1102): warning: default label in switch which covers all enumeration values [-Wcovered-switch-default]
    default:
    ^
../Firmware/GD32E50x_standard_peripheral/Source/gd32e50x_rcu.c(1187): warning: default label in switch which covers all enumeration values [-Wcovered-switch-default]
    default:
    ^
../Firmware/GD32E50x_standard_peripheral/Source/gd32e50x_rcu.c(1227): warning: default label in switch which covers all enumeration values [-Wcovered-switch-default]
    default:
    ^
../Firmware/GD32E50x_standard_peripheral/Source/gd32e50x_rcu.c(1439): warning: default label in switch which covers all enumeration values [-Wcovered-switch-default]
    default:
    ^
../Firmware/GD32E50x_standard_peripheral/Source/gd32e50x_rcu.c(1577): warning: no newline at end of file [-Wnewline-eof]
}
 ^
5 warnings generated.
compiling gd32e50x_rcu.c...
compiling gd32e50x_adc.c...
../Firmware/GD32E50x_standard_peripheral/Source/gd32e50x_timer.c(35): warning: In file included from...
../Firmware/GD32E50x_standard_peripheral/Include\gd32e50x_timer.h(265): warning: padding struct 'timer_parameter_struct' with 2 bytes to align 'period' [-Wpadded]
    uint32_t period;                                         /*!< period value */
             ^
../Firmware/GD32E50x_standard_peripheral/Include\gd32e50x_timer.h(260): warning: padding size of 'timer_parameter_struct' with 1 byte to alignment boundary [-Wpadded]
typedef struct
        ^
2 warnings generated.
compiling gd32e50x_timer.c...
../Firmware/GD32E50x_standard_peripheral/Source/gd32e50x_spi.c(747): warning: no previous prototype for function 'spi_quad_output_enable' [-Wmissing-prototypes]
void spi_quad_output_enable(uint32_t spi_periph)
     ^
../Firmware/GD32E50x_standard_peripheral/Source/gd32e50x_spi.c(747): note: declare 'static' if the function is not intended to be used outside of this translation unit
void spi_quad_output_enable(uint32_t spi_periph)
^
static 
1 warning generated.
compiling gd32e50x_spi.c...
FMW_PERI/gd32e50x_dma.c(35): warning: In file included from...
../Firmware/GD32E50x_standard_peripheral/Include\gd32e50x_dma.h(133): warning: padding size of 'dma_parameter_struct' with 1 byte to alignment boundary [-Wpadded]
typedef struct
        ^
1 warning generated.
compiling gd32e50x_dma.c...
../Firmware/GD32E50x_standard_peripheral/Source/gd32e50x_usart.c(1075): warning: default label in switch which covers all enumeration values [-Wcovered-switch-default]
    default:
    ^
../Firmware/GD32E50x_standard_peripheral/Source/gd32e50x_usart.c(1374): warning: default label in switch which covers all enumeration values [-Wcovered-switch-default]
    default:
    ^
2 warnings generated.
compiling gd32e50x_usart.c...
linking...
Program Size: Code=9432 RO-data=480 RW-data=8 ZI-data=1200  
".\Objects\gd32Foc.axf" - 0 Error(s), 33 Warning(s).

<h2>Software Packages used:</h2>

Package Vendor: ARM
                http://www.keil.com/pack/ARM.CMSIS.5.8.0.pack
                ARM.CMSIS.5.8.0
                CMSIS (Common Microcontroller Software Interface Standard)
   * Component: CORE Version: 5.5.0

Package Vendor: GigaDevice
                https://gd32mcu.com/data/documents/pack/GigaDevice.GD32E50x_DFP.1.3.2.pack
                GigaDevice.GD32E50x_DFP.1.3.2
                GigaDevice GD32E50x Series Device Support and Examples

<h2>Collection of Component include folders:</h2>
  .\RTE\_Target_1
  D:\keil_v5\Packs\ARM\CMSIS\5.8.0\CMSIS\Core\Include
  D:\keil_v5\Packs\GigaDevice\GD32E50x_DFP\1.3.2\Device\Include

<h2>Collection of Component Files used:</h2>

   * Component: ARM::CMSIS:CORE:5.5.0
Build Time Elapsed:  00:00:04
</pre>
</body>
</html>
